// Jest Snapshot v1, https://goo.gl/fbAQLP

exports[`<NotFoundPage /> should render and match the snapshot 1`] = `
<span>
  <div
    class="background"
  >
    <div
      class="centerbox"
    >
      <h1>
        Django Mango
      </h1>
      <h2>
        404 Error.
      </h2>
      <h2
        href="/"
      >
        The requested URL was not found on this server.
      </h2>
      <a
        class="link"
        href="/"
      >
        Return to Login.
      </a>
    </div>
  </div>
</span>
`;
